Archive member included because of file (symbol)

c:/imt_sdk_win_64/imt_sdk_win_64/winavr/bin/../lib/gcc/avr/4.3.3/avr5\libgcc.a(_udivmodsi4.o)
                              ./HAL/HCLCD/HCLCD_Program.o (__udivmodsi4)
c:/imt_sdk_win_64/imt_sdk_win_64/winavr/bin/../lib/gcc/avr/4.3.3/avr5\libgcc.a(_exit.o)
                              c:/imt_sdk_win_64/imt_sdk_win_64/winavr/bin/../lib/gcc/avr/4.3.3/../../../../avr/lib/avr5/crtm32.o (exit)
c:/imt_sdk_win_64/imt_sdk_win_64/winavr/bin/../lib/gcc/avr/4.3.3/avr5\libgcc.a(_copy_data.o)
                              ./HAL/HKPD/HKPD_Program.o (__do_copy_data)
c:/imt_sdk_win_64/imt_sdk_win_64/winavr/bin/../lib/gcc/avr/4.3.3/avr5\libgcc.a(_clear_bss.o)
                              ./MCAL/MTIMER/MTIMER_Program.o (__do_clear_bss)
c:/imt_sdk_win_64/imt_sdk_win_64/winavr/bin/../lib/gcc/avr/4.3.3/avr5\libgcc.a(_fixunssfsi.o)
                              ./HAL/HKPD/HKPD_Program.o (__fixunssfsi)
c:/imt_sdk_win_64/imt_sdk_win_64/winavr/bin/../lib/gcc/avr/4.3.3/avr5\libgcc.a(_addsub_sf.o)
                              c:/imt_sdk_win_64/imt_sdk_win_64/winavr/bin/../lib/gcc/avr/4.3.3/avr5\libgcc.a(_fixunssfsi.o) (__subsf3)
c:/imt_sdk_win_64/imt_sdk_win_64/winavr/bin/../lib/gcc/avr/4.3.3/avr5\libgcc.a(_mul_sf.o)
                              ./HAL/HKPD/HKPD_Program.o (__mulsf3)
c:/imt_sdk_win_64/imt_sdk_win_64/winavr/bin/../lib/gcc/avr/4.3.3/avr5\libgcc.a(_gt_sf.o)
                              ./HAL/HKPD/HKPD_Program.o (__gtsf2)
c:/imt_sdk_win_64/imt_sdk_win_64/winavr/bin/../lib/gcc/avr/4.3.3/avr5\libgcc.a(_ge_sf.o)
                              c:/imt_sdk_win_64/imt_sdk_win_64/winavr/bin/../lib/gcc/avr/4.3.3/avr5\libgcc.a(_fixunssfsi.o) (__gesf2)
c:/imt_sdk_win_64/imt_sdk_win_64/winavr/bin/../lib/gcc/avr/4.3.3/avr5\libgcc.a(_lt_sf.o)
                              ./HAL/HKPD/HKPD_Program.o (__ltsf2)
c:/imt_sdk_win_64/imt_sdk_win_64/winavr/bin/../lib/gcc/avr/4.3.3/avr5\libgcc.a(_si_to_sf.o)
                              ./APP/main.o (__floatsisf)
c:/imt_sdk_win_64/imt_sdk_win_64/winavr/bin/../lib/gcc/avr/4.3.3/avr5\libgcc.a(_sf_to_si.o)
                              c:/imt_sdk_win_64/imt_sdk_win_64/winavr/bin/../lib/gcc/avr/4.3.3/avr5\libgcc.a(_fixunssfsi.o) (__fixsfsi)
c:/imt_sdk_win_64/imt_sdk_win_64/winavr/bin/../lib/gcc/avr/4.3.3/avr5\libgcc.a(_thenan_sf.o)
                              c:/imt_sdk_win_64/imt_sdk_win_64/winavr/bin/../lib/gcc/avr/4.3.3/avr5\libgcc.a(_addsub_sf.o) (__thenan_sf)
c:/imt_sdk_win_64/imt_sdk_win_64/winavr/bin/../lib/gcc/avr/4.3.3/avr5\libgcc.a(_prologue.o)
                              c:/imt_sdk_win_64/imt_sdk_win_64/winavr/bin/../lib/gcc/avr/4.3.3/avr5\libgcc.a(_addsub_sf.o) (__prologue_saves__)
c:/imt_sdk_win_64/imt_sdk_win_64/winavr/bin/../lib/gcc/avr/4.3.3/avr5\libgcc.a(_epilogue.o)
                              c:/imt_sdk_win_64/imt_sdk_win_64/winavr/bin/../lib/gcc/avr/4.3.3/avr5\libgcc.a(_addsub_sf.o) (__epilogue_restores__)
c:/imt_sdk_win_64/imt_sdk_win_64/winavr/bin/../lib/gcc/avr/4.3.3/avr5\libgcc.a(_clzsi2.o)
                              c:/imt_sdk_win_64/imt_sdk_win_64/winavr/bin/../lib/gcc/avr/4.3.3/avr5\libgcc.a(_si_to_sf.o) (__clzsi2)
c:/imt_sdk_win_64/imt_sdk_win_64/winavr/bin/../lib/gcc/avr/4.3.3/avr5\libgcc.a(_pack_sf.o)
                              c:/imt_sdk_win_64/imt_sdk_win_64/winavr/bin/../lib/gcc/avr/4.3.3/avr5\libgcc.a(_addsub_sf.o) (__pack_f)
c:/imt_sdk_win_64/imt_sdk_win_64/winavr/bin/../lib/gcc/avr/4.3.3/avr5\libgcc.a(_unpack_sf.o)
                              c:/imt_sdk_win_64/imt_sdk_win_64/winavr/bin/../lib/gcc/avr/4.3.3/avr5\libgcc.a(_addsub_sf.o) (__unpack_f)
c:/imt_sdk_win_64/imt_sdk_win_64/winavr/bin/../lib/gcc/avr/4.3.3/avr5\libgcc.a(_fpcmp_parts_sf.o)
                              c:/imt_sdk_win_64/imt_sdk_win_64/winavr/bin/../lib/gcc/avr/4.3.3/avr5\libgcc.a(_gt_sf.o) (__fpcmp_parts_f)
c:/imt_sdk_win_64/imt_sdk_win_64/winavr/bin/../lib/gcc/avr/4.3.3/avr5\libgcc.a(_clz.o)
                              c:/imt_sdk_win_64/imt_sdk_win_64/winavr/bin/../lib/gcc/avr/4.3.3/avr5\libgcc.a(_clzsi2.o) (__clz_tab)

Allocating common symbols
Common symbol       size              file

TIMER0_CallBack     0x2               ./MCAL/MTIMER/MTIMER_Program.o
TIMER1_CallBack     0x2               ./MCAL/MTIMER/MTIMER_Program.o
TIMER1_ICF_CallBack
                    0x2               ./MCAL/MTIMER/MTIMER_Program.o
EXTI0_CallBack      0x2               ./MCAL/MEXTI/MEXTI_Program.o

Memory Configuration

Name             Origin             Length             Attributes
text             0x00000000         0x00020000         xr
data             0x00800060         0x0000ffa0         rw !x
eeprom           0x00810000         0x00010000         rw !x
fuse             0x00820000         0x00000400         rw !x
lock             0x00830000         0x00000400         rw !x
signature        0x00840000         0x00000400         rw !x
*default*        0x00000000         0xffffffff

Linker script and memory map

LOAD c:/imt_sdk_win_64/imt_sdk_win_64/winavr/bin/../lib/gcc/avr/4.3.3/../../../../avr/lib/avr5/crtm32.o
LOAD ./MCAL/MTIMER/MTIMER_Program.o
LOAD ./MCAL/MGIE/MGIE_Program.o
LOAD ./MCAL/MEXTI/MEXTI_Program.o
LOAD ./MCAL/MDIO/MDIO_Program.o
LOAD ./MCAL/MADC/MADC_Program.o
LOAD ./HAL/HSWITCH/HSWITCH_Program.o
LOAD ./HAL/HSEVEN_SEGMENT/HSEVEN_SEGMENT_Program.o
LOAD ./HAL/HLED/HLED_Program.o
LOAD ./HAL/HKPD/HKPD_Program.o
LOAD ./HAL/HCLCD/HCLCD_Program.o
LOAD ./APP/main.o
LOAD c:/imt_sdk_win_64/imt_sdk_win_64/winavr/bin/../lib/gcc/avr/4.3.3/avr5\libgcc.a
LOAD c:/imt_sdk_win_64/imt_sdk_win_64/winavr/bin/../lib/gcc/avr/4.3.3/../../../../avr/lib/avr5\libc.a
LOAD c:/imt_sdk_win_64/imt_sdk_win_64/winavr/bin/../lib/gcc/avr/4.3.3/avr5\libgcc.a

.hash
 *(.hash)

.dynsym
 *(.dynsym)

.dynstr
 *(.dynstr)

.gnu.version
 *(.gnu.version)

.gnu.version_d
 *(.gnu.version_d)

.gnu.version_r
 *(.gnu.version_r)

.rel.init
 *(.rel.init)

.rela.init
 *(.rela.init)

.rel.text
 *(.rel.text)
 *(.rel.text.*)
 *(.rel.gnu.linkonce.t*)

.rela.text
 *(.rela.text)
 *(.rela.text.*)
 *(.rela.gnu.linkonce.t*)

.rel.fini
 *(.rel.fini)

.rela.fini
 *(.rela.fini)

.rel.rodata
 *(.rel.rodata)
 *(.rel.rodata.*)
 *(.rel.gnu.linkonce.r*)

.rela.rodata
 *(.rela.rodata)
 *(.rela.rodata.*)
 *(.rela.gnu.linkonce.r*)

.rel.data
 *(.rel.data)
 *(.rel.data.*)
 *(.rel.gnu.linkonce.d*)

.rela.data
 *(.rela.data)
 *(.rela.data.*)
 *(.rela.gnu.linkonce.d*)

.rel.ctors
 *(.rel.ctors)

.rela.ctors
 *(.rela.ctors)

.rel.dtors
 *(.rel.dtors)

.rela.dtors
 *(.rela.dtors)

.rel.got
 *(.rel.got)

.rela.got
 *(.rela.got)

.rel.bss
 *(.rel.bss)

.rela.bss
 *(.rela.bss)

.rel.plt
 *(.rel.plt)

.rela.plt
 *(.rela.plt)

.text           0x00000000     0x4542
 *(.vectors)
 .vectors       0x00000000       0x54 c:/imt_sdk_win_64/imt_sdk_win_64/winavr/bin/../lib/gcc/avr/4.3.3/../../../../avr/lib/avr5/crtm32.o
                0x00000000                __vectors
                0x00000000                __vector_default
 *(.vectors)
 *(.progmem.gcc*)
 *(.progmem*)
                0x00000054                . = ALIGN (0x2)
                0x00000054                __trampolines_start = .
 *(.trampolines)
 .trampolines   0x00000054        0x0 linker stubs
 *(.trampolines*)
                0x00000054                __trampolines_end = .
 *(.jumptables)
 *(.jumptables*)
 *(.lowtext)
 *(.lowtext*)
                0x00000054                __ctors_start = .
 *(.ctors)
                0x00000054                __ctors_end = .
                0x00000054                __dtors_start = .
 *(.dtors)
                0x00000054                __dtors_end = .
 SORT(*)(.ctors)
 SORT(*)(.dtors)
 *(.init0)
 .init0         0x00000054        0x0 c:/imt_sdk_win_64/imt_sdk_win_64/winavr/bin/../lib/gcc/avr/4.3.3/../../../../avr/lib/avr5/crtm32.o
                0x00000054                __init
 *(.init0)
 *(.init1)
 *(.init1)
 *(.init2)
 .init2         0x00000054        0xc c:/imt_sdk_win_64/imt_sdk_win_64/winavr/bin/../lib/gcc/avr/4.3.3/../../../../avr/lib/avr5/crtm32.o
 *(.init2)
 *(.init3)
 *(.init3)
 *(.init4)
 .init4         0x00000060       0x16 c:/imt_sdk_win_64/imt_sdk_win_64/winavr/bin/../lib/gcc/avr/4.3.3/avr5\libgcc.a(_copy_data.o)
                0x00000060                __do_copy_data
 .init4         0x00000076       0x10 c:/imt_sdk_win_64/imt_sdk_win_64/winavr/bin/../lib/gcc/avr/4.3.3/avr5\libgcc.a(_clear_bss.o)
                0x00000076                __do_clear_bss
 *(.init4)
 *(.init5)
 *(.init5)
 *(.init6)
 *(.init6)
 *(.init7)
 *(.init7)
 *(.init8)
 *(.init8)
 *(.init9)
 .init9         0x00000086        0x8 c:/imt_sdk_win_64/imt_sdk_win_64/winavr/bin/../lib/gcc/avr/4.3.3/../../../../avr/lib/avr5/crtm32.o
 *(.init9)
 *(.text)
 .text          0x0000008e        0x4 c:/imt_sdk_win_64/imt_sdk_win_64/winavr/bin/../lib/gcc/avr/4.3.3/../../../../avr/lib/avr5/crtm32.o
                0x0000008e                __vector_12
                0x0000008e                __bad_interrupt
                0x0000008e                __vector_3
                0x0000008e                __vector_13
                0x0000008e                __vector_17
                0x0000008e                __vector_19
                0x0000008e                __vector_7
                0x0000008e                __vector_5
                0x0000008e                __vector_4
                0x0000008e                __vector_2
                0x0000008e                __vector_15
                0x0000008e                __vector_8
                0x0000008e                __vector_14
                0x0000008e                __vector_16
                0x0000008e                __vector_18
                0x0000008e                __vector_20
 .text          0x00000092        0x0 ./MCAL/MTIMER/MTIMER_Program.o
 .text          0x00000092        0x0 ./MCAL/MGIE/MGIE_Program.o
 .text          0x00000092        0x0 ./MCAL/MEXTI/MEXTI_Program.o
 .text          0x00000092        0x0 ./MCAL/MDIO/MDIO_Program.o
 .text          0x00000092        0x0 ./MCAL/MADC/MADC_Program.o
 .text          0x00000092        0x0 ./HAL/HSWITCH/HSWITCH_Program.o
 .text          0x00000092        0x0 ./HAL/HSEVEN_SEGMENT/HSEVEN_SEGMENT_Program.o
 .text          0x00000092        0x0 ./HAL/HLED/HLED_Program.o
 .text          0x00000092        0x0 ./HAL/HKPD/HKPD_Program.o
 .text          0x00000092        0x0 ./HAL/HCLCD/HCLCD_Program.o
 .text          0x00000092        0x0 ./APP/main.o
 .text          0x00000092        0x0 c:/imt_sdk_win_64/imt_sdk_win_64/winavr/bin/../lib/gcc/avr/4.3.3/avr5\libgcc.a(_udivmodsi4.o)
 .text          0x00000092        0x0 c:/imt_sdk_win_64/imt_sdk_win_64/winavr/bin/../lib/gcc/avr/4.3.3/avr5\libgcc.a(_exit.o)
 .text          0x00000092        0x0 c:/imt_sdk_win_64/imt_sdk_win_64/winavr/bin/../lib/gcc/avr/4.3.3/avr5\libgcc.a(_copy_data.o)
 .text          0x00000092        0x0 c:/imt_sdk_win_64/imt_sdk_win_64/winavr/bin/../lib/gcc/avr/4.3.3/avr5\libgcc.a(_clear_bss.o)
 .text          0x00000092       0x58 c:/imt_sdk_win_64/imt_sdk_win_64/winavr/bin/../lib/gcc/avr/4.3.3/avr5\libgcc.a(_fixunssfsi.o)
                0x00000092                __fixunssfsi
 .text          0x000000ea      0x354 c:/imt_sdk_win_64/imt_sdk_win_64/winavr/bin/../lib/gcc/avr/4.3.3/avr5\libgcc.a(_addsub_sf.o)
                0x00000382                __subsf3
                0x000003e4                __addsf3
 .text          0x0000043e      0x1f4 c:/imt_sdk_win_64/imt_sdk_win_64/winavr/bin/../lib/gcc/avr/4.3.3/avr5\libgcc.a(_mul_sf.o)
                0x0000043e                __mulsf3
 .text          0x00000632       0x60 c:/imt_sdk_win_64/imt_sdk_win_64/winavr/bin/../lib/gcc/avr/4.3.3/avr5\libgcc.a(_gt_sf.o)
                0x00000632                __gtsf2
 .text          0x00000692       0x60 c:/imt_sdk_win_64/imt_sdk_win_64/winavr/bin/../lib/gcc/avr/4.3.3/avr5\libgcc.a(_ge_sf.o)
                0x00000692                __gesf2
 .text          0x000006f2       0x60 c:/imt_sdk_win_64/imt_sdk_win_64/winavr/bin/../lib/gcc/avr/4.3.3/avr5\libgcc.a(_lt_sf.o)
                0x000006f2                __ltsf2
 .text          0x00000752       0xbc c:/imt_sdk_win_64/imt_sdk_win_64/winavr/bin/../lib/gcc/avr/4.3.3/avr5\libgcc.a(_si_to_sf.o)
                0x00000752                __floatsisf
 .text          0x0000080e       0xa8 c:/imt_sdk_win_64/imt_sdk_win_64/winavr/bin/../lib/gcc/avr/4.3.3/avr5\libgcc.a(_sf_to_si.o)
                0x0000080e                __fixsfsi
 .text          0x000008b6        0x0 c:/imt_sdk_win_64/imt_sdk_win_64/winavr/bin/../lib/gcc/avr/4.3.3/avr5\libgcc.a(_thenan_sf.o)
 .text          0x000008b6        0x0 c:/imt_sdk_win_64/imt_sdk_win_64/winavr/bin/../lib/gcc/avr/4.3.3/avr5\libgcc.a(_prologue.o)
 .text          0x000008b6        0x0 c:/imt_sdk_win_64/imt_sdk_win_64/winavr/bin/../lib/gcc/avr/4.3.3/avr5\libgcc.a(_epilogue.o)
 .text          0x000008b6       0x9e c:/imt_sdk_win_64/imt_sdk_win_64/winavr/bin/../lib/gcc/avr/4.3.3/avr5\libgcc.a(_clzsi2.o)
                0x000008b6                __clzsi2
 .text          0x00000954      0x1aa c:/imt_sdk_win_64/imt_sdk_win_64/winavr/bin/../lib/gcc/avr/4.3.3/avr5\libgcc.a(_pack_sf.o)
                0x00000954                __pack_f
 .text          0x00000afe       0xf0 c:/imt_sdk_win_64/imt_sdk_win_64/winavr/bin/../lib/gcc/avr/4.3.3/avr5\libgcc.a(_unpack_sf.o)
                0x00000afe                __unpack_f
 .text          0x00000bee       0xb2 c:/imt_sdk_win_64/imt_sdk_win_64/winavr/bin/../lib/gcc/avr/4.3.3/avr5\libgcc.a(_fpcmp_parts_sf.o)
                0x00000bee                __fpcmp_parts_f
 .text          0x00000ca0        0x0 c:/imt_sdk_win_64/imt_sdk_win_64/winavr/bin/../lib/gcc/avr/4.3.3/avr5\libgcc.a(_clz.o)
                0x00000ca0                . = ALIGN (0x2)
 *(.text.*)
 .text.MTIMER0_VidInit
                0x00000ca0       0x62 ./MCAL/MTIMER/MTIMER_Program.o
                0x00000ca0                MTIMER0_VidInit
 .text.MTIMER0_VidSetPreload
                0x00000d02       0x1c ./MCAL/MTIMER/MTIMER_Program.o
                0x00000d02                MTIMER0_VidSetPreload
 .text.MTIMER0_VidSetCTCValue
                0x00000d1e       0x1c ./MCAL/MTIMER/MTIMER_Program.o
                0x00000d1e                MTIMER0_VidSetCTCValue
 .text.MTIMER0_VidOVF_SetCallBack
                0x00000d3a       0x24 ./MCAL/MTIMER/MTIMER_Program.o
                0x00000d3a                MTIMER0_VidOVF_SetCallBack
 .text.MTIMER0_VidCTC_SetCallBack
                0x00000d5e       0x24 ./MCAL/MTIMER/MTIMER_Program.o
                0x00000d5e                MTIMER0_VidCTC_SetCallBack
 .text.__vector_11
                0x00000d82       0x5a ./MCAL/MTIMER/MTIMER_Program.o
                0x00000d82                __vector_11
 .text.__vector_10
                0x00000ddc       0x5a ./MCAL/MTIMER/MTIMER_Program.o
                0x00000ddc                __vector_10
 .text.MTIMER1_VidInit
                0x00000e36       0x8c ./MCAL/MTIMER/MTIMER_Program.o
                0x00000e36                MTIMER1_VidInit
 .text.MTIMER1_VidSetPreload
                0x00000ec2       0x24 ./MCAL/MTIMER/MTIMER_Program.o
                0x00000ec2                MTIMER1_VidSetPreload
 .text.MTIMER1_u16GetTCNT1Value
                0x00000ee6       0x16 ./MCAL/MTIMER/MTIMER_Program.o
                0x00000ee6                MTIMER1_u16GetTCNT1Value
 .text.MTIMER1_u16GetICR1Value
                0x00000efc       0x16 ./MCAL/MTIMER/MTIMER_Program.o
                0x00000efc                MTIMER1_u16GetICR1Value
 .text.MTIMER1_VidSenseControl
                0x00000f12       0x3e ./MCAL/MTIMER/MTIMER_Program.o
                0x00000f12                MTIMER1_VidSenseControl
 .text.MTIMER1_VidOVF_SetCallBack
                0x00000f50       0x24 ./MCAL/MTIMER/MTIMER_Program.o
                0x00000f50                MTIMER1_VidOVF_SetCallBack
 .text.MTIMER1_VidICF_SetCallBack
                0x00000f74       0x24 ./MCAL/MTIMER/MTIMER_Program.o
                0x00000f74                MTIMER1_VidICF_SetCallBack
 .text.__vector_9
                0x00000f98       0x5a ./MCAL/MTIMER/MTIMER_Program.o
                0x00000f98                __vector_9
 .text.__vector_6
                0x00000ff2       0x5a ./MCAL/MTIMER/MTIMER_Program.o
                0x00000ff2                __vector_6
 .text.MGIE_VidEnable
                0x0000104c       0x1c ./MCAL/MGIE/MGIE_Program.o
                0x0000104c                MGIE_VidEnable
 .text.MGIE_VidDisable
                0x00001068       0x1c ./MCAL/MGIE/MGIE_Program.o
                0x00001068                MGIE_VidDisable
 .text.MEXTI0_VidInit
                0x00001084       0x38 ./MCAL/MEXTI/MEXTI_Program.o
                0x00001084                MEXTI0_VidInit
 .text.MEXTI1_VidInit
                0x000010bc       0x38 ./MCAL/MEXTI/MEXTI_Program.o
                0x000010bc                MEXTI1_VidInit
 .text.MEXTI2_VidInit
                0x000010f4       0x2a ./MCAL/MEXTI/MEXTI_Program.o
                0x000010f4                MEXTI2_VidInit
 .text.MEXTI_VidSenseControl
                0x0000111e      0x196 ./MCAL/MEXTI/MEXTI_Program.o
                0x0000111e                MEXTI_VidSenseControl
 .text.MEXTI0_Set_CallBackFunction
                0x000012b4       0x24 ./MCAL/MEXTI/MEXTI_Program.o
                0x000012b4                MEXTI0_Set_CallBackFunction
 .text.__vector_1
                0x000012d8       0x5a ./MCAL/MEXTI/MEXTI_Program.o
                0x000012d8                __vector_1
 .text.MDIO_Error_State_SetPinDirection
                0x00001332      0x206 ./MCAL/MDIO/MDIO_Program.o
                0x00001332                MDIO_Error_State_SetPinDirection
 .text.MDIO_Error_State_SetPortDirection
                0x00001538       0xa0 ./MCAL/MDIO/MDIO_Program.o
                0x00001538                MDIO_Error_State_SetPortDirection
 .text.MDIO_Error_State_SetPinValue
                0x000015d8      0x206 ./MCAL/MDIO/MDIO_Program.o
                0x000015d8                MDIO_Error_State_SetPinValue
 .text.MDIO_Error_State_SetPortValue
                0x000017de       0x90 ./MCAL/MDIO/MDIO_Program.o
                0x000017de                MDIO_Error_State_SetPortValue
 .text.MDIO_Error_State_GetPinValue
                0x0000186e      0x130 ./MCAL/MDIO/MDIO_Program.o
                0x0000186e                MDIO_Error_State_GetPinValue
 .text.MDIO_Error_State_SetNippleValue
                0x0000199e      0x1c8 ./MCAL/MDIO/MDIO_Program.o
                0x0000199e                MDIO_Error_State_SetNippleValue
 .text.MDIO_VidActivePullUP
                0x00001b66       0x2c ./MCAL/MDIO/MDIO_Program.o
                0x00001b66                MDIO_VidActivePullUP
 .text.MADC_VidInit
                0x00001b92       0x62 ./MCAL/MADC/MADC_Program.o
                0x00001b92                MADC_VidInit
 .text.MADC_u16ADC_StartConversion
                0x00001bf4       0x64 ./MCAL/MADC/MADC_Program.o
                0x00001bf4                MADC_u16ADC_StartConversion
 .text.HSWITCH_VidInit_PullUP
                0x00001c58       0x2a ./HAL/HSWITCH/HSWITCH_Program.o
                0x00001c58                HSWITCH_VidInit_PullUP
 .text.HSWITCH_u8SwitchState
                0x00001c82       0x3c ./HAL/HSWITCH/HSWITCH_Program.o
                0x00001c82                HSWITCH_u8SwitchState
 .text.HSEVEN_SEGMENT_VidInit
                0x00001cbe       0x24 ./HAL/HSEVEN_SEGMENT/HSEVEN_SEGMENT_Program.o
                0x00001cbe                HSEVEN_SEGMENT_VidInit
 .text.HSEVEN_SEGMENT_VidOff
                0x00001ce2       0x52 ./HAL/HSEVEN_SEGMENT/HSEVEN_SEGMENT_Program.o
                0x00001ce2                HSEVEN_SEGMENT_VidOff
 .text.HSEVEN_SEGMENT_VidDisplayNumber
                0x00001d34      0x2ae ./HAL/HSEVEN_SEGMENT/HSEVEN_SEGMENT_Program.o
                0x00001d34                HSEVEN_SEGMENT_VidDisplayNumber
 .text.HLED_VidInit
                0x00001fe2       0x2c ./HAL/HLED/HLED_Program.o
                0x00001fe2                HLED_VidInit
 .text.HLED_VidLed_On
                0x0000200e       0x2c ./HAL/HLED/HLED_Program.o
                0x0000200e                HLED_VidLed_On
 .text.HLED_VidLed_Off
                0x0000203a       0x2c ./HAL/HLED/HLED_Program.o
                0x0000203a                HLED_VidLed_Off
 .text.HLED_VidLed_Toggle
                0x00002066       0x54 ./HAL/HLED/HLED_Program.o
                0x00002066                HLED_VidLed_Toggle
 .text.HKPD_VidInit
                0x000020ba       0xae ./HAL/HKPD/HKPD_Program.o
                0x000020ba                HKPD_VidInit
 .text.HKPD_U8GetKeyPressed
                0x00002168      0x1ac ./HAL/HKPD/HKPD_Program.o
                0x00002168                HKPD_U8GetKeyPressed
 .text.HCLCD_Vid8Bits_SendCommand
                0x00002314      0x22a ./HAL/HCLCD/HCLCD_Program.o
                0x00002314                HCLCD_Vid8Bits_SendCommand
 .text.HCLCD_Vid8Bits_Init
                0x0000253e      0x3f4 ./HAL/HCLCD/HCLCD_Program.o
                0x0000253e                HCLCD_Vid8Bits_Init
 .text.HCLCD_Vid8Bits_DispalyCharacter
                0x00002932      0x22a ./HAL/HCLCD/HCLCD_Program.o
                0x00002932                HCLCD_Vid8Bits_DispalyCharacter
 .text.HCLCD_Vid8Bits_DisplayString
                0x00002b5c       0x52 ./HAL/HCLCD/HCLCD_Program.o
                0x00002b5c                HCLCD_Vid8Bits_DisplayString
 .text.HCLCD_Vid8Bits_DisplayNumber
                0x00002bae       0xee ./HAL/HCLCD/HCLCD_Program.o
                0x00002bae                HCLCD_Vid8Bits_DisplayNumber
 .text.HCLCD_Vid8Bits_SetPosition
                0x00002c9c       0x42 ./HAL/HCLCD/HCLCD_Program.o
                0x00002c9c                HCLCD_Vid8Bits_SetPosition
 .text.HCLCD_Vid8Bits_CustomAlphChar
                0x00002cde       0x64 ./HAL/HCLCD/HCLCD_Program.o
                0x00002cde                HCLCD_Vid8Bits_CustomAlphChar
 .text.HCLCD_Vid8Bits_ClearScreen
                0x00002d42      0x110 ./HAL/HCLCD/HCLCD_Program.o
                0x00002d42                HCLCD_Vid8Bits_ClearScreen
 .text.HCLCD_Vid8Bits_DisplayShiftLeft
                0x00002e52      0x126 ./HAL/HCLCD/HCLCD_Program.o
                0x00002e52                HCLCD_Vid8Bits_DisplayShiftLeft
 .text.HCLCD_Vid8Bits_DisplayShiftRight
                0x00002f78      0x126 ./HAL/HCLCD/HCLCD_Program.o
                0x00002f78                HCLCD_Vid8Bits_DisplayShiftRight
 .text.HCLCD_Vid8Bits_CursorShiftLeft
                0x0000309e      0x126 ./HAL/HCLCD/HCLCD_Program.o
                0x0000309e                HCLCD_Vid8Bits_CursorShiftLeft
 .text.HCLCD_Vid8Bits_CursorShiftRight
                0x000031c4      0x126 ./HAL/HCLCD/HCLCD_Program.o
                0x000031c4                HCLCD_Vid8Bits_CursorShiftRight
 .text.HCLCD_Vid4Bits_SendCommand
                0x000032ea      0x13e ./HAL/HCLCD/HCLCD_Program.o
                0x000032ea                HCLCD_Vid4Bits_SendCommand
 .text.HCLCD_Vid4Bits_Init
                0x00003428      0x426 ./HAL/HCLCD/HCLCD_Program.o
                0x00003428                HCLCD_Vid4Bits_Init
 .text.HCLCD_VidWriteChar_4Bits
                0x0000384e      0x13e ./HAL/HCLCD/HCLCD_Program.o
                0x0000384e                HCLCD_VidWriteChar_4Bits
 .text.HCLCD_Vid4Bits_DisplayCharacter
                0x0000398c       0x24 ./HAL/HCLCD/HCLCD_Program.o
                0x0000398c                HCLCD_Vid4Bits_DisplayCharacter
 .text.HCLCD_Vid4Bits_DisplayString
                0x000039b0       0x52 ./HAL/HCLCD/HCLCD_Program.o
                0x000039b0                HCLCD_Vid4Bits_DisplayString
 .text.HCLCD_Vid4Bits_DisplayNumber
                0x00003a02       0xee ./HAL/HCLCD/HCLCD_Program.o
                0x00003a02                HCLCD_Vid4Bits_DisplayNumber
 .text.HCLCD_Vid4Bits_SetPosition
                0x00003af0       0x7e ./HAL/HCLCD/HCLCD_Program.o
                0x00003af0                HCLCD_Vid4Bits_SetPosition
 .text.HCLCD_Vid4Bits_CustomAlphChar
                0x00003b6e       0x8c ./HAL/HCLCD/HCLCD_Program.o
                0x00003b6e                HCLCD_Vid4Bits_CustomAlphChar
 .text.HCLCD_Vid4Bits_ClearScreen
                0x00003bfa      0x116 ./HAL/HCLCD/HCLCD_Program.o
                0x00003bfa                HCLCD_Vid4Bits_ClearScreen
 .text.HCLCD_Vid4Bits_DisplayShiftLeft
                0x00003d10      0x12c ./HAL/HCLCD/HCLCD_Program.o
                0x00003d10                HCLCD_Vid4Bits_DisplayShiftLeft
 .text.HCLCD_Vid4Bits_DisplayShiftRight
                0x00003e3c      0x12c ./HAL/HCLCD/HCLCD_Program.o
                0x00003e3c                HCLCD_Vid4Bits_DisplayShiftRight
 .text.HCLCD_Vid4Bits_CursorShiftLeft
                0x00003f68      0x12c ./HAL/HCLCD/HCLCD_Program.o
                0x00003f68                HCLCD_Vid4Bits_CursorShiftLeft
 .text.HCLCD_Vid4Bits_CursorShiftRight
                0x00004094      0x12c ./HAL/HCLCD/HCLCD_Program.o
                0x00004094                HCLCD_Vid4Bits_CursorShiftRight
 .text.main     0x000041c0      0x2cc ./APP/main.o
                0x000041c0                main
 .text.libgcc   0x0000448c       0x44 c:/imt_sdk_win_64/imt_sdk_win_64/winavr/bin/../lib/gcc/avr/4.3.3/avr5\libgcc.a(_udivmodsi4.o)
                0x0000448c                __udivmodsi4
 .text.libgcc   0x000044d0        0x0 c:/imt_sdk_win_64/imt_sdk_win_64/winavr/bin/../lib/gcc/avr/4.3.3/avr5\libgcc.a(_exit.o)
 .text.libgcc   0x000044d0        0x0 c:/imt_sdk_win_64/imt_sdk_win_64/winavr/bin/../lib/gcc/avr/4.3.3/avr5\libgcc.a(_copy_data.o)
 .text.libgcc   0x000044d0        0x0 c:/imt_sdk_win_64/imt_sdk_win_64/winavr/bin/../lib/gcc/avr/4.3.3/avr5\libgcc.a(_clear_bss.o)
 .text.libgcc   0x000044d0       0x38 c:/imt_sdk_win_64/imt_sdk_win_64/winavr/bin/../lib/gcc/avr/4.3.3/avr5\libgcc.a(_prologue.o)
                0x000044d0                __prologue_saves__
 .text.libgcc   0x00004508       0x36 c:/imt_sdk_win_64/imt_sdk_win_64/winavr/bin/../lib/gcc/avr/4.3.3/avr5\libgcc.a(_epilogue.o)
                0x00004508                __epilogue_restores__
                0x0000453e                . = ALIGN (0x2)
 *(.fini9)
 .fini9         0x0000453e        0x0 c:/imt_sdk_win_64/imt_sdk_win_64/winavr/bin/../lib/gcc/avr/4.3.3/avr5\libgcc.a(_exit.o)
                0x0000453e                exit
                0x0000453e                _exit
 *(.fini9)
 *(.fini8)
 *(.fini8)
 *(.fini7)
 *(.fini7)
 *(.fini6)
 *(.fini6)
 *(.fini5)
 *(.fini5)
 *(.fini4)
 *(.fini4)
 *(.fini3)
 *(.fini3)
 *(.fini2)
 *(.fini2)
 *(.fini1)
 *(.fini1)
 *(.fini0)
 .fini0         0x0000453e        0x4 c:/imt_sdk_win_64/imt_sdk_win_64/winavr/bin/../lib/gcc/avr/4.3.3/avr5\libgcc.a(_exit.o)
 *(.fini0)
                0x00004542                _etext = .

.data           0x00800060      0x13a load address 0x00004542
                0x00800060                PROVIDE (__data_start, .)
 *(.data)
 .data          0x00800060        0x0 c:/imt_sdk_win_64/imt_sdk_win_64/winavr/bin/../lib/gcc/avr/4.3.3/../../../../avr/lib/avr5/crtm32.o
 .data          0x00800060        0x0 ./MCAL/MTIMER/MTIMER_Program.o
 .data          0x00800060        0x0 ./MCAL/MGIE/MGIE_Program.o
 .data          0x00800060        0x0 ./MCAL/MEXTI/MEXTI_Program.o
 .data          0x00800060        0x0 ./MCAL/MDIO/MDIO_Program.o
 .data          0x00800060        0x0 ./MCAL/MADC/MADC_Program.o
 .data          0x00800060        0x0 ./HAL/HSWITCH/HSWITCH_Program.o
 .data          0x00800060        0x0 ./HAL/HSEVEN_SEGMENT/HSEVEN_SEGMENT_Program.o
 .data          0x00800060        0x0 ./HAL/HLED/HLED_Program.o
 .data          0x00800060        0x0 ./HAL/HKPD/HKPD_Program.o
 .data          0x00800060        0x0 ./HAL/HCLCD/HCLCD_Program.o
 .data          0x00800060       0x22 ./APP/main.o
 .data          0x00800082        0x0 c:/imt_sdk_win_64/imt_sdk_win_64/winavr/bin/../lib/gcc/avr/4.3.3/avr5\libgcc.a(_udivmodsi4.o)
 .data          0x00800082        0x0 c:/imt_sdk_win_64/imt_sdk_win_64/winavr/bin/../lib/gcc/avr/4.3.3/avr5\libgcc.a(_exit.o)
 .data          0x00800082        0x0 c:/imt_sdk_win_64/imt_sdk_win_64/winavr/bin/../lib/gcc/avr/4.3.3/avr5\libgcc.a(_copy_data.o)
 .data          0x00800082        0x0 c:/imt_sdk_win_64/imt_sdk_win_64/winavr/bin/../lib/gcc/avr/4.3.3/avr5\libgcc.a(_clear_bss.o)
 .data          0x00800082        0x0 c:/imt_sdk_win_64/imt_sdk_win_64/winavr/bin/../lib/gcc/avr/4.3.3/avr5\libgcc.a(_fixunssfsi.o)
 .data          0x00800082        0x0 c:/imt_sdk_win_64/imt_sdk_win_64/winavr/bin/../lib/gcc/avr/4.3.3/avr5\libgcc.a(_addsub_sf.o)
 .data          0x00800082        0x0 c:/imt_sdk_win_64/imt_sdk_win_64/winavr/bin/../lib/gcc/avr/4.3.3/avr5\libgcc.a(_mul_sf.o)
 .data          0x00800082        0x0 c:/imt_sdk_win_64/imt_sdk_win_64/winavr/bin/../lib/gcc/avr/4.3.3/avr5\libgcc.a(_gt_sf.o)
 .data          0x00800082        0x0 c:/imt_sdk_win_64/imt_sdk_win_64/winavr/bin/../lib/gcc/avr/4.3.3/avr5\libgcc.a(_ge_sf.o)
 .data          0x00800082        0x0 c:/imt_sdk_win_64/imt_sdk_win_64/winavr/bin/../lib/gcc/avr/4.3.3/avr5\libgcc.a(_lt_sf.o)
 .data          0x00800082        0x0 c:/imt_sdk_win_64/imt_sdk_win_64/winavr/bin/../lib/gcc/avr/4.3.3/avr5\libgcc.a(_si_to_sf.o)
 .data          0x00800082        0x0 c:/imt_sdk_win_64/imt_sdk_win_64/winavr/bin/../lib/gcc/avr/4.3.3/avr5\libgcc.a(_sf_to_si.o)
 .data          0x00800082        0x8 c:/imt_sdk_win_64/imt_sdk_win_64/winavr/bin/../lib/gcc/avr/4.3.3/avr5\libgcc.a(_thenan_sf.o)
                0x00800082                __thenan_sf
 .data          0x0080008a        0x0 c:/imt_sdk_win_64/imt_sdk_win_64/winavr/bin/../lib/gcc/avr/4.3.3/avr5\libgcc.a(_prologue.o)
 .data          0x0080008a        0x0 c:/imt_sdk_win_64/imt_sdk_win_64/winavr/bin/../lib/gcc/avr/4.3.3/avr5\libgcc.a(_epilogue.o)
 .data          0x0080008a        0x0 c:/imt_sdk_win_64/imt_sdk_win_64/winavr/bin/../lib/gcc/avr/4.3.3/avr5\libgcc.a(_clzsi2.o)
 .data          0x0080008a        0x0 c:/imt_sdk_win_64/imt_sdk_win_64/winavr/bin/../lib/gcc/avr/4.3.3/avr5\libgcc.a(_pack_sf.o)
 .data          0x0080008a        0x0 c:/imt_sdk_win_64/imt_sdk_win_64/winavr/bin/../lib/gcc/avr/4.3.3/avr5\libgcc.a(_unpack_sf.o)
 .data          0x0080008a        0x0 c:/imt_sdk_win_64/imt_sdk_win_64/winavr/bin/../lib/gcc/avr/4.3.3/avr5\libgcc.a(_fpcmp_parts_sf.o)
 .data          0x0080008a      0x100 c:/imt_sdk_win_64/imt_sdk_win_64/winavr/bin/../lib/gcc/avr/4.3.3/avr5\libgcc.a(_clz.o)
                0x0080008a                __clz_tab
 *(.data*)
 *(.rodata)
 *(.rodata*)
 .rodata.KPD_u8SwitchVal
                0x0080018a       0x10 ./HAL/HKPD/HKPD_Program.o
                0x0080018a                KPD_u8SwitchVal
 *(.gnu.linkonce.d*)
                0x0080019a                . = ALIGN (0x2)
                0x0080019a                _edata = .
                0x0080019a                PROVIDE (__data_end, .)

.bss            0x0080019a        0x9
                0x0080019a                PROVIDE (__bss_start, .)
 *(.bss)
 .bss           0x0080019a        0x0 c:/imt_sdk_win_64/imt_sdk_win_64/winavr/bin/../lib/gcc/avr/4.3.3/../../../../avr/lib/avr5/crtm32.o
 .bss           0x0080019a        0x0 ./MCAL/MTIMER/MTIMER_Program.o
 .bss           0x0080019a        0x0 ./MCAL/MGIE/MGIE_Program.o
 .bss           0x0080019a        0x0 ./MCAL/MEXTI/MEXTI_Program.o
 .bss           0x0080019a        0x0 ./MCAL/MDIO/MDIO_Program.o
 .bss           0x0080019a        0x0 ./MCAL/MADC/MADC_Program.o
 .bss           0x0080019a        0x0 ./HAL/HSWITCH/HSWITCH_Program.o
 .bss           0x0080019a        0x0 ./HAL/HSEVEN_SEGMENT/HSEVEN_SEGMENT_Program.o
 .bss           0x0080019a        0x0 ./HAL/HLED/HLED_Program.o
 .bss           0x0080019a        0x0 ./HAL/HKPD/HKPD_Program.o
 .bss           0x0080019a        0x0 ./HAL/HCLCD/HCLCD_Program.o
 .bss           0x0080019a        0x0 ./APP/main.o
 .bss           0x0080019a        0x0 c:/imt_sdk_win_64/imt_sdk_win_64/winavr/bin/../lib/gcc/avr/4.3.3/avr5\libgcc.a(_udivmodsi4.o)
 .bss           0x0080019a        0x0 c:/imt_sdk_win_64/imt_sdk_win_64/winavr/bin/../lib/gcc/avr/4.3.3/avr5\libgcc.a(_exit.o)
 .bss           0x0080019a        0x0 c:/imt_sdk_win_64/imt_sdk_win_64/winavr/bin/../lib/gcc/avr/4.3.3/avr5\libgcc.a(_copy_data.o)
 .bss           0x0080019a        0x0 c:/imt_sdk_win_64/imt_sdk_win_64/winavr/bin/../lib/gcc/avr/4.3.3/avr5\libgcc.a(_clear_bss.o)
 .bss           0x0080019a        0x0 c:/imt_sdk_win_64/imt_sdk_win_64/winavr/bin/../lib/gcc/avr/4.3.3/avr5\libgcc.a(_fixunssfsi.o)
 .bss           0x0080019a        0x0 c:/imt_sdk_win_64/imt_sdk_win_64/winavr/bin/../lib/gcc/avr/4.3.3/avr5\libgcc.a(_addsub_sf.o)
 .bss           0x0080019a        0x0 c:/imt_sdk_win_64/imt_sdk_win_64/winavr/bin/../lib/gcc/avr/4.3.3/avr5\libgcc.a(_mul_sf.o)
 .bss           0x0080019a        0x0 c:/imt_sdk_win_64/imt_sdk_win_64/winavr/bin/../lib/gcc/avr/4.3.3/avr5\libgcc.a(_gt_sf.o)
 .bss           0x0080019a        0x0 c:/imt_sdk_win_64/imt_sdk_win_64/winavr/bin/../lib/gcc/avr/4.3.3/avr5\libgcc.a(_ge_sf.o)
 .bss           0x0080019a        0x0 c:/imt_sdk_win_64/imt_sdk_win_64/winavr/bin/../lib/gcc/avr/4.3.3/avr5\libgcc.a(_lt_sf.o)
 .bss           0x0080019a        0x0 c:/imt_sdk_win_64/imt_sdk_win_64/winavr/bin/../lib/gcc/avr/4.3.3/avr5\libgcc.a(_si_to_sf.o)
 .bss           0x0080019a        0x0 c:/imt_sdk_win_64/imt_sdk_win_64/winavr/bin/../lib/gcc/avr/4.3.3/avr5\libgcc.a(_sf_to_si.o)
 .bss           0x0080019a        0x0 c:/imt_sdk_win_64/imt_sdk_win_64/winavr/bin/../lib/gcc/avr/4.3.3/avr5\libgcc.a(_thenan_sf.o)
 .bss           0x0080019a        0x0 c:/imt_sdk_win_64/imt_sdk_win_64/winavr/bin/../lib/gcc/avr/4.3.3/avr5\libgcc.a(_prologue.o)
 .bss           0x0080019a        0x0 c:/imt_sdk_win_64/imt_sdk_win_64/winavr/bin/../lib/gcc/avr/4.3.3/avr5\libgcc.a(_epilogue.o)
 .bss           0x0080019a        0x0 c:/imt_sdk_win_64/imt_sdk_win_64/winavr/bin/../lib/gcc/avr/4.3.3/avr5\libgcc.a(_clzsi2.o)
 .bss           0x0080019a        0x0 c:/imt_sdk_win_64/imt_sdk_win_64/winavr/bin/../lib/gcc/avr/4.3.3/avr5\libgcc.a(_pack_sf.o)
 .bss           0x0080019a        0x0 c:/imt_sdk_win_64/imt_sdk_win_64/winavr/bin/../lib/gcc/avr/4.3.3/avr5\libgcc.a(_unpack_sf.o)
 .bss           0x0080019a        0x0 c:/imt_sdk_win_64/imt_sdk_win_64/winavr/bin/../lib/gcc/avr/4.3.3/avr5\libgcc.a(_fpcmp_parts_sf.o)
 .bss           0x0080019a        0x0 c:/imt_sdk_win_64/imt_sdk_win_64/winavr/bin/../lib/gcc/avr/4.3.3/avr5\libgcc.a(_clz.o)
 *(.bss*)
 .bss.Flag.1258
                0x0080019a        0x1 ./HAL/HLED/HLED_Program.o
 *(COMMON)
 COMMON         0x0080019b        0x6 ./MCAL/MTIMER/MTIMER_Program.o
                0x0080019b                TIMER0_CallBack
                0x0080019d                TIMER1_CallBack
                0x0080019f                TIMER1_ICF_CallBack
 COMMON         0x008001a1        0x2 ./MCAL/MEXTI/MEXTI_Program.o
                0x008001a1                EXTI0_CallBack
                0x008001a3                PROVIDE (__bss_end, .)
                0x00004542                __data_load_start = LOADADDR (.data)
                0x0000467c                __data_load_end = (__data_load_start + SIZEOF (.data))

.noinit         0x008001a3        0x0
                0x008001a3                PROVIDE (__noinit_start, .)
 *(.noinit*)
                0x008001a3                PROVIDE (__noinit_end, .)
                0x008001a3                _end = .
                0x008001a3                PROVIDE (__heap_start, .)

.eeprom         0x00810000        0x0
 *(.eeprom*)
                0x00810000                __eeprom_end = .

.fuse
 *(.fuse)
 *(.lfuse)
 *(.hfuse)
 *(.efuse)

.lock
 *(.lock*)

.signature
 *(.signature*)

.stab           0x00000000     0x4c20
 *(.stab)
 .stab          0x00000000      0x5dc ./MCAL/MTIMER/MTIMER_Program.o
 .stab          0x000005dc      0x1ec ./MCAL/MGIE/MGIE_Program.o
                                0x1f8 (size before relaxing)
 .stab          0x000007c8      0x468 ./MCAL/MEXTI/MEXTI_Program.o
                                0x474 (size before relaxing)
 .stab          0x00000c30      0x8e8 ./MCAL/MDIO/MDIO_Program.o
                                0x8f4 (size before relaxing)
 .stab          0x00001518      0x270 ./MCAL/MADC/MADC_Program.o
                                0x27c (size before relaxing)
 .stab          0x00001788      0x294 ./HAL/HSWITCH/HSWITCH_Program.o
                                0x2a0 (size before relaxing)
 .stab          0x00001a1c      0x3fc ./HAL/HSEVEN_SEGMENT/HSEVEN_SEGMENT_Program.o
                                0x408 (size before relaxing)
 .stab          0x00001e18      0x330 ./HAL/HLED/HLED_Program.o
                                0x33c (size before relaxing)
 .stab          0x00002148      0x624 ./HAL/HKPD/HKPD_Program.o
                                0x630 (size before relaxing)
 .stab          0x0000276c     0x1fe0 ./HAL/HCLCD/HCLCD_Program.o
                               0x2178 (size before relaxing)
 .stab          0x0000474c      0x4d4 ./APP/main.o
                                0x660 (size before relaxing)

.stabstr        0x00000000     0x1d02
 *(.stabstr)
 .stabstr       0x00000000     0x1d02 ./MCAL/MTIMER/MTIMER_Program.o

.stab.excl
 *(.stab.excl)

.stab.exclstr
 *(.stab.exclstr)

.stab.index
 *(.stab.index)

.stab.indexstr
 *(.stab.indexstr)

.comment
 *(.comment)

.debug
 *(.debug)

.line
 *(.line)

.debug_srcinfo
 *(.debug_srcinfo)

.debug_sfnames
 *(.debug_sfnames)

.debug_aranges  0x00000000      0x180
 *(.debug_aranges)
 .debug_aranges
                0x00000000       0x20 c:/imt_sdk_win_64/imt_sdk_win_64/winavr/bin/../lib/gcc/avr/4.3.3/avr5\libgcc.a(_fixunssfsi.o)
 .debug_aranges
                0x00000020       0x20 c:/imt_sdk_win_64/imt_sdk_win_64/winavr/bin/../lib/gcc/avr/4.3.3/avr5\libgcc.a(_addsub_sf.o)
 .debug_aranges
                0x00000040       0x20 c:/imt_sdk_win_64/imt_sdk_win_64/winavr/bin/../lib/gcc/avr/4.3.3/avr5\libgcc.a(_mul_sf.o)
 .debug_aranges
                0x00000060       0x20 c:/imt_sdk_win_64/imt_sdk_win_64/winavr/bin/../lib/gcc/avr/4.3.3/avr5\libgcc.a(_gt_sf.o)
 .debug_aranges
                0x00000080       0x20 c:/imt_sdk_win_64/imt_sdk_win_64/winavr/bin/../lib/gcc/avr/4.3.3/avr5\libgcc.a(_ge_sf.o)
 .debug_aranges
                0x000000a0       0x20 c:/imt_sdk_win_64/imt_sdk_win_64/winavr/bin/../lib/gcc/avr/4.3.3/avr5\libgcc.a(_lt_sf.o)
 .debug_aranges
                0x000000c0       0x20 c:/imt_sdk_win_64/imt_sdk_win_64/winavr/bin/../lib/gcc/avr/4.3.3/avr5\libgcc.a(_si_to_sf.o)
 .debug_aranges
                0x000000e0       0x20 c:/imt_sdk_win_64/imt_sdk_win_64/winavr/bin/../lib/gcc/avr/4.3.3/avr5\libgcc.a(_sf_to_si.o)
 .debug_aranges
                0x00000100       0x20 c:/imt_sdk_win_64/imt_sdk_win_64/winavr/bin/../lib/gcc/avr/4.3.3/avr5\libgcc.a(_clzsi2.o)
 .debug_aranges
                0x00000120       0x20 c:/imt_sdk_win_64/imt_sdk_win_64/winavr/bin/../lib/gcc/avr/4.3.3/avr5\libgcc.a(_pack_sf.o)
 .debug_aranges
                0x00000140       0x20 c:/imt_sdk_win_64/imt_sdk_win_64/winavr/bin/../lib/gcc/avr/4.3.3/avr5\libgcc.a(_unpack_sf.o)
 .debug_aranges
                0x00000160       0x20 c:/imt_sdk_win_64/imt_sdk_win_64/winavr/bin/../lib/gcc/avr/4.3.3/avr5\libgcc.a(_fpcmp_parts_sf.o)

.debug_pubnames
                0x00000000      0x1d1
 *(.debug_pubnames)
 .debug_pubnames
                0x00000000       0x23 c:/imt_sdk_win_64/imt_sdk_win_64/winavr/bin/../lib/gcc/avr/4.3.3/avr5\libgcc.a(_fixunssfsi.o)
 .debug_pubnames
                0x00000023       0x2c c:/imt_sdk_win_64/imt_sdk_win_64/winavr/bin/../lib/gcc/avr/4.3.3/avr5\libgcc.a(_addsub_sf.o)
 .debug_pubnames
                0x0000004f       0x1f c:/imt_sdk_win_64/imt_sdk_win_64/winavr/bin/../lib/gcc/avr/4.3.3/avr5\libgcc.a(_mul_sf.o)
 .debug_pubnames
                0x0000006e       0x1e c:/imt_sdk_win_64/imt_sdk_win_64/winavr/bin/../lib/gcc/avr/4.3.3/avr5\libgcc.a(_gt_sf.o)
 .debug_pubnames
                0x0000008c       0x1e c:/imt_sdk_win_64/imt_sdk_win_64/winavr/bin/../lib/gcc/avr/4.3.3/avr5\libgcc.a(_ge_sf.o)
 .debug_pubnames
                0x000000aa       0x1e c:/imt_sdk_win_64/imt_sdk_win_64/winavr/bin/../lib/gcc/avr/4.3.3/avr5\libgcc.a(_lt_sf.o)
 .debug_pubnames
                0x000000c8       0x22 c:/imt_sdk_win_64/imt_sdk_win_64/winavr/bin/../lib/gcc/avr/4.3.3/avr5\libgcc.a(_si_to_sf.o)
 .debug_pubnames
                0x000000ea       0x20 c:/imt_sdk_win_64/imt_sdk_win_64/winavr/bin/../lib/gcc/avr/4.3.3/avr5\libgcc.a(_sf_to_si.o)
 .debug_pubnames
                0x0000010a       0x22 c:/imt_sdk_win_64/imt_sdk_win_64/winavr/bin/../lib/gcc/avr/4.3.3/avr5\libgcc.a(_thenan_sf.o)
 .debug_pubnames
                0x0000012c       0x1f c:/imt_sdk_win_64/imt_sdk_win_64/winavr/bin/../lib/gcc/avr/4.3.3/avr5\libgcc.a(_clzsi2.o)
 .debug_pubnames
                0x0000014b       0x1f c:/imt_sdk_win_64/imt_sdk_win_64/winavr/bin/../lib/gcc/avr/4.3.3/avr5\libgcc.a(_pack_sf.o)
 .debug_pubnames
                0x0000016a       0x21 c:/imt_sdk_win_64/imt_sdk_win_64/winavr/bin/../lib/gcc/avr/4.3.3/avr5\libgcc.a(_unpack_sf.o)
 .debug_pubnames
                0x0000018b       0x26 c:/imt_sdk_win_64/imt_sdk_win_64/winavr/bin/../lib/gcc/avr/4.3.3/avr5\libgcc.a(_fpcmp_parts_sf.o)
 .debug_pubnames
                0x000001b1       0x20 c:/imt_sdk_win_64/imt_sdk_win_64/winavr/bin/../lib/gcc/avr/4.3.3/avr5\libgcc.a(_clz.o)

.debug_info     0x00000000     0x2010
 *(.debug_info)
 .debug_info    0x00000000       0xb1 c:/imt_sdk_win_64/imt_sdk_win_64/winavr/bin/../lib/gcc/avr/4.3.3/avr5\libgcc.a(_fixunssfsi.o)
 .debug_info    0x000000b1      0x47a c:/imt_sdk_win_64/imt_sdk_win_64/winavr/bin/../lib/gcc/avr/4.3.3/avr5\libgcc.a(_addsub_sf.o)
 .debug_info    0x0000052b      0x485 c:/imt_sdk_win_64/imt_sdk_win_64/winavr/bin/../lib/gcc/avr/4.3.3/avr5\libgcc.a(_mul_sf.o)
 .debug_info    0x000009b0      0x27f c:/imt_sdk_win_64/imt_sdk_win_64/winavr/bin/../lib/gcc/avr/4.3.3/avr5\libgcc.a(_gt_sf.o)
 .debug_info    0x00000c2f      0x27f c:/imt_sdk_win_64/imt_sdk_win_64/winavr/bin/../lib/gcc/avr/4.3.3/avr5\libgcc.a(_ge_sf.o)
 .debug_info    0x00000eae      0x27f c:/imt_sdk_win_64/imt_sdk_win_64/winavr/bin/../lib/gcc/avr/4.3.3/avr5\libgcc.a(_lt_sf.o)
 .debug_info    0x0000112d      0x207 c:/imt_sdk_win_64/imt_sdk_win_64/winavr/bin/../lib/gcc/avr/4.3.3/avr5\libgcc.a(_si_to_sf.o)
 .debug_info    0x00001334      0x2b0 c:/imt_sdk_win_64/imt_sdk_win_64/winavr/bin/../lib/gcc/avr/4.3.3/avr5\libgcc.a(_sf_to_si.o)
 .debug_info    0x000015e4      0x12c c:/imt_sdk_win_64/imt_sdk_win_64/winavr/bin/../lib/gcc/avr/4.3.3/avr5\libgcc.a(_thenan_sf.o)
 .debug_info    0x00001710      0x117 c:/imt_sdk_win_64/imt_sdk_win_64/winavr/bin/../lib/gcc/avr/4.3.3/avr5\libgcc.a(_clzsi2.o)
 .debug_info    0x00001827      0x2df c:/imt_sdk_win_64/imt_sdk_win_64/winavr/bin/../lib/gcc/avr/4.3.3/avr5\libgcc.a(_pack_sf.o)
 .debug_info    0x00001b06      0x251 c:/imt_sdk_win_64/imt_sdk_win_64/winavr/bin/../lib/gcc/avr/4.3.3/avr5\libgcc.a(_unpack_sf.o)
 .debug_info    0x00001d57      0x210 c:/imt_sdk_win_64/imt_sdk_win_64/winavr/bin/../lib/gcc/avr/4.3.3/avr5\libgcc.a(_fpcmp_parts_sf.o)
 .debug_info    0x00001f67       0xa9 c:/imt_sdk_win_64/imt_sdk_win_64/winavr/bin/../lib/gcc/avr/4.3.3/avr5\libgcc.a(_clz.o)
 *(.gnu.linkonce.wi.*)

.debug_abbrev   0x00000000     0x1161
 *(.debug_abbrev)
 .debug_abbrev  0x00000000       0x5d c:/imt_sdk_win_64/imt_sdk_win_64/winavr/bin/../lib/gcc/avr/4.3.3/avr5\libgcc.a(_fixunssfsi.o)
 .debug_abbrev  0x0000005d      0x1ea c:/imt_sdk_win_64/imt_sdk_win_64/winavr/bin/../lib/gcc/avr/4.3.3/avr5\libgcc.a(_addsub_sf.o)
 .debug_abbrev  0x00000247      0x21b c:/imt_sdk_win_64/imt_sdk_win_64/winavr/bin/../lib/gcc/avr/4.3.3/avr5\libgcc.a(_mul_sf.o)
 .debug_abbrev  0x00000462      0x15a c:/imt_sdk_win_64/imt_sdk_win_64/winavr/bin/../lib/gcc/avr/4.3.3/avr5\libgcc.a(_gt_sf.o)
 .debug_abbrev  0x000005bc      0x15a c:/imt_sdk_win_64/imt_sdk_win_64/winavr/bin/../lib/gcc/avr/4.3.3/avr5\libgcc.a(_ge_sf.o)
 .debug_abbrev  0x00000716      0x15a c:/imt_sdk_win_64/imt_sdk_win_64/winavr/bin/../lib/gcc/avr/4.3.3/avr5\libgcc.a(_lt_sf.o)
 .debug_abbrev  0x00000870      0x148 c:/imt_sdk_win_64/imt_sdk_win_64/winavr/bin/../lib/gcc/avr/4.3.3/avr5\libgcc.a(_si_to_sf.o)
 .debug_abbrev  0x000009b8      0x17f c:/imt_sdk_win_64/imt_sdk_win_64/winavr/bin/../lib/gcc/avr/4.3.3/avr5\libgcc.a(_sf_to_si.o)
 .debug_abbrev  0x00000b37       0xad c:/imt_sdk_win_64/imt_sdk_win_64/winavr/bin/../lib/gcc/avr/4.3.3/avr5\libgcc.a(_thenan_sf.o)
 .debug_abbrev  0x00000be4       0xc4 c:/imt_sdk_win_64/imt_sdk_win_64/winavr/bin/../lib/gcc/avr/4.3.3/avr5\libgcc.a(_clzsi2.o)
 .debug_abbrev  0x00000ca8      0x1c0 c:/imt_sdk_win_64/imt_sdk_win_64/winavr/bin/../lib/gcc/avr/4.3.3/avr5\libgcc.a(_pack_sf.o)
 .debug_abbrev  0x00000e68      0x154 c:/imt_sdk_win_64/imt_sdk_win_64/winavr/bin/../lib/gcc/avr/4.3.3/avr5\libgcc.a(_unpack_sf.o)
 .debug_abbrev  0x00000fbc      0x13b c:/imt_sdk_win_64/imt_sdk_win_64/winavr/bin/../lib/gcc/avr/4.3.3/avr5\libgcc.a(_fpcmp_parts_sf.o)
 .debug_abbrev  0x000010f7       0x6a c:/imt_sdk_win_64/imt_sdk_win_64/winavr/bin/../lib/gcc/avr/4.3.3/avr5\libgcc.a(_clz.o)

.debug_line     0x00000000     0x1003
 *(.debug_line)
 .debug_line    0x00000000       0xa7 c:/imt_sdk_win_64/imt_sdk_win_64/winavr/bin/../lib/gcc/avr/4.3.3/avr5\libgcc.a(_fixunssfsi.o)
 .debug_line    0x000000a7      0x2af c:/imt_sdk_win_64/imt_sdk_win_64/winavr/bin/../lib/gcc/avr/4.3.3/avr5\libgcc.a(_addsub_sf.o)
 .debug_line    0x00000356      0x239 c:/imt_sdk_win_64/imt_sdk_win_64/winavr/bin/../lib/gcc/avr/4.3.3/avr5\libgcc.a(_mul_sf.o)
 .debug_line    0x0000058f       0xd3 c:/imt_sdk_win_64/imt_sdk_win_64/winavr/bin/../lib/gcc/avr/4.3.3/avr5\libgcc.a(_gt_sf.o)
 .debug_line    0x00000662       0xd3 c:/imt_sdk_win_64/imt_sdk_win_64/winavr/bin/../lib/gcc/avr/4.3.3/avr5\libgcc.a(_ge_sf.o)
 .debug_line    0x00000735       0xd3 c:/imt_sdk_win_64/imt_sdk_win_64/winavr/bin/../lib/gcc/avr/4.3.3/avr5\libgcc.a(_lt_sf.o)
 .debug_line    0x00000808      0x135 c:/imt_sdk_win_64/imt_sdk_win_64/winavr/bin/../lib/gcc/avr/4.3.3/avr5\libgcc.a(_si_to_sf.o)
 .debug_line    0x0000093d      0x109 c:/imt_sdk_win_64/imt_sdk_win_64/winavr/bin/../lib/gcc/avr/4.3.3/avr5\libgcc.a(_sf_to_si.o)
 .debug_line    0x00000a46       0x90 c:/imt_sdk_win_64/imt_sdk_win_64/winavr/bin/../lib/gcc/avr/4.3.3/avr5\libgcc.a(_thenan_sf.o)
 .debug_line    0x00000ad6       0xa5 c:/imt_sdk_win_64/imt_sdk_win_64/winavr/bin/../lib/gcc/avr/4.3.3/avr5\libgcc.a(_clzsi2.o)
 .debug_line    0x00000b7b      0x18a c:/imt_sdk_win_64/imt_sdk_win_64/winavr/bin/../lib/gcc/avr/4.3.3/avr5\libgcc.a(_pack_sf.o)
 .debug_line    0x00000d05      0x14b c:/imt_sdk_win_64/imt_sdk_win_64/winavr/bin/../lib/gcc/avr/4.3.3/avr5\libgcc.a(_unpack_sf.o)
 .debug_line    0x00000e50      0x137 c:/imt_sdk_win_64/imt_sdk_win_64/winavr/bin/../lib/gcc/avr/4.3.3/avr5\libgcc.a(_fpcmp_parts_sf.o)
 .debug_line    0x00000f87       0x7c c:/imt_sdk_win_64/imt_sdk_win_64/winavr/bin/../lib/gcc/avr/4.3.3/avr5\libgcc.a(_clz.o)

.debug_frame    0x00000000      0x1a0
 *(.debug_frame)
 .debug_frame   0x00000000       0x20 c:/imt_sdk_win_64/imt_sdk_win_64/winavr/bin/../lib/gcc/avr/4.3.3/avr5\libgcc.a(_fixunssfsi.o)
 .debug_frame   0x00000020       0x40 c:/imt_sdk_win_64/imt_sdk_win_64/winavr/bin/../lib/gcc/avr/4.3.3/avr5\libgcc.a(_addsub_sf.o)
 .debug_frame   0x00000060       0x20 c:/imt_sdk_win_64/imt_sdk_win_64/winavr/bin/../lib/gcc/avr/4.3.3/avr5\libgcc.a(_mul_sf.o)
 .debug_frame   0x00000080       0x20 c:/imt_sdk_win_64/imt_sdk_win_64/winavr/bin/../lib/gcc/avr/4.3.3/avr5\libgcc.a(_gt_sf.o)
 .debug_frame   0x000000a0       0x20 c:/imt_sdk_win_64/imt_sdk_win_64/winavr/bin/../lib/gcc/avr/4.3.3/avr5\libgcc.a(_ge_sf.o)
 .debug_frame   0x000000c0       0x20 c:/imt_sdk_win_64/imt_sdk_win_64/winavr/bin/../lib/gcc/avr/4.3.3/avr5\libgcc.a(_lt_sf.o)
 .debug_frame   0x000000e0       0x20 c:/imt_sdk_win_64/imt_sdk_win_64/winavr/bin/../lib/gcc/avr/4.3.3/avr5\libgcc.a(_si_to_sf.o)
 .debug_frame   0x00000100       0x20 c:/imt_sdk_win_64/imt_sdk_win_64/winavr/bin/../lib/gcc/avr/4.3.3/avr5\libgcc.a(_sf_to_si.o)
 .debug_frame   0x00000120       0x20 c:/imt_sdk_win_64/imt_sdk_win_64/winavr/bin/../lib/gcc/avr/4.3.3/avr5\libgcc.a(_clzsi2.o)
 .debug_frame   0x00000140       0x20 c:/imt_sdk_win_64/imt_sdk_win_64/winavr/bin/../lib/gcc/avr/4.3.3/avr5\libgcc.a(_pack_sf.o)
 .debug_frame   0x00000160       0x20 c:/imt_sdk_win_64/imt_sdk_win_64/winavr/bin/../lib/gcc/avr/4.3.3/avr5\libgcc.a(_unpack_sf.o)
 .debug_frame   0x00000180       0x20 c:/imt_sdk_win_64/imt_sdk_win_64/winavr/bin/../lib/gcc/avr/4.3.3/avr5\libgcc.a(_fpcmp_parts_sf.o)

.debug_str      0x00000000      0x2be
 *(.debug_str)
 .debug_str     0x00000000       0xbf c:/imt_sdk_win_64/imt_sdk_win_64/winavr/bin/../lib/gcc/avr/4.3.3/avr5\libgcc.a(_fixunssfsi.o)
                                 0xfe (size before relaxing)
 .debug_str     0x000000bf      0x14d c:/imt_sdk_win_64/imt_sdk_win_64/winavr/bin/../lib/gcc/avr/4.3.3/avr5\libgcc.a(_addsub_sf.o)
                                0x206 (size before relaxing)
 .debug_str     0x0000020c       0x27 c:/imt_sdk_win_64/imt_sdk_win_64/winavr/bin/../lib/gcc/avr/4.3.3/avr5\libgcc.a(_mul_sf.o)
                                0x1bf (size before relaxing)
 .debug_str     0x00000233        0x8 c:/imt_sdk_win_64/imt_sdk_win_64/winavr/bin/../lib/gcc/avr/4.3.3/avr5\libgcc.a(_gt_sf.o)
                                0x195 (size before relaxing)
 .debug_str     0x0000023b        0x8 c:/imt_sdk_win_64/imt_sdk_win_64/winavr/bin/../lib/gcc/avr/4.3.3/avr5\libgcc.a(_ge_sf.o)
                                0x195 (size before relaxing)
 .debug_str     0x00000243        0x8 c:/imt_sdk_win_64/imt_sdk_win_64/winavr/bin/../lib/gcc/avr/4.3.3/avr5\libgcc.a(_lt_sf.o)
                                0x195 (size before relaxing)
 .debug_str     0x0000024b       0x1e c:/imt_sdk_win_64/imt_sdk_win_64/winavr/bin/../lib/gcc/avr/4.3.3/avr5\libgcc.a(_si_to_sf.o)
                                0x17b (size before relaxing)
 .debug_str     0x00000269        0xa c:/imt_sdk_win_64/imt_sdk_win_64/winavr/bin/../lib/gcc/avr/4.3.3/avr5\libgcc.a(_sf_to_si.o)
                                0x19e (size before relaxing)
 .debug_str     0x00000000      0x103 c:/imt_sdk_win_64/imt_sdk_win_64/winavr/bin/../lib/gcc/avr/4.3.3/avr5\libgcc.a(_thenan_sf.o)
 .debug_str     0x00000273       0x20 c:/imt_sdk_win_64/imt_sdk_win_64/winavr/bin/../lib/gcc/avr/4.3.3/avr5\libgcc.a(_clzsi2.o)
                                0x111 (size before relaxing)
 .debug_str     0x00000293       0x10 c:/imt_sdk_win_64/imt_sdk_win_64/winavr/bin/../lib/gcc/avr/4.3.3/avr5\libgcc.a(_pack_sf.o)
                                0x19d (size before relaxing)
 .debug_str     0x000002a3        0xb c:/imt_sdk_win_64/imt_sdk_win_64/winavr/bin/../lib/gcc/avr/4.3.3/avr5\libgcc.a(_unpack_sf.o)
                                0x17f (size before relaxing)
 .debug_str     0x000002ae       0x10 c:/imt_sdk_win_64/imt_sdk_win_64/winavr/bin/../lib/gcc/avr/4.3.3/avr5\libgcc.a(_fpcmp_parts_sf.o)
                                0x163 (size before relaxing)
 .debug_str     0x00000000       0xf4 c:/imt_sdk_win_64/imt_sdk_win_64/winavr/bin/../lib/gcc/avr/4.3.3/avr5\libgcc.a(_clz.o)

.debug_loc      0x00000000      0x90e
 *(.debug_loc)
 .debug_loc     0x00000000       0x34 c:/imt_sdk_win_64/imt_sdk_win_64/winavr/bin/../lib/gcc/avr/4.3.3/avr5\libgcc.a(_fixunssfsi.o)
 .debug_loc     0x00000034      0x32a c:/imt_sdk_win_64/imt_sdk_win_64/winavr/bin/../lib/gcc/avr/4.3.3/avr5\libgcc.a(_addsub_sf.o)
 .debug_loc     0x0000035e      0x104 c:/imt_sdk_win_64/imt_sdk_win_64/winavr/bin/../lib/gcc/avr/4.3.3/avr5\libgcc.a(_mul_sf.o)
 .debug_loc     0x00000462       0x3c c:/imt_sdk_win_64/imt_sdk_win_64/winavr/bin/../lib/gcc/avr/4.3.3/avr5\libgcc.a(_gt_sf.o)
 .debug_loc     0x0000049e       0x3c c:/imt_sdk_win_64/imt_sdk_win_64/winavr/bin/../lib/gcc/avr/4.3.3/avr5\libgcc.a(_ge_sf.o)
 .debug_loc     0x000004da       0x3c c:/imt_sdk_win_64/imt_sdk_win_64/winavr/bin/../lib/gcc/avr/4.3.3/avr5\libgcc.a(_lt_sf.o)
 .debug_loc     0x00000516       0xac c:/imt_sdk_win_64/imt_sdk_win_64/winavr/bin/../lib/gcc/avr/4.3.3/avr5\libgcc.a(_si_to_sf.o)
 .debug_loc     0x000005c2       0x7e c:/imt_sdk_win_64/imt_sdk_win_64/winavr/bin/../lib/gcc/avr/4.3.3/avr5\libgcc.a(_sf_to_si.o)
 .debug_loc     0x00000640       0x94 c:/imt_sdk_win_64/imt_sdk_win_64/winavr/bin/../lib/gcc/avr/4.3.3/avr5\libgcc.a(_clzsi2.o)
 .debug_loc     0x000006d4      0x13e c:/imt_sdk_win_64/imt_sdk_win_64/winavr/bin/../lib/gcc/avr/4.3.3/avr5\libgcc.a(_pack_sf.o)
 .debug_loc     0x00000812       0xac c:/imt_sdk_win_64/imt_sdk_win_64/winavr/bin/../lib/gcc/avr/4.3.3/avr5\libgcc.a(_unpack_sf.o)
 .debug_loc     0x000008be       0x50 c:/imt_sdk_win_64/imt_sdk_win_64/winavr/bin/../lib/gcc/avr/4.3.3/avr5\libgcc.a(_fpcmp_parts_sf.o)

.debug_macinfo
 *(.debug_macinfo)
OUTPUT(15-DAC_Control_LED.elf elf32-avr)
LOAD linker stubs

.debug_ranges   0x00000000       0x50
 .debug_ranges  0x00000000       0x50 c:/imt_sdk_win_64/imt_sdk_win_64/winavr/bin/../lib/gcc/avr/4.3.3/avr5\libgcc.a(_mul_sf.o)
